// Vitest Snapshot v1, https://vitest.dev/guide/snapshot.html

exports[`TheWelcome > renders properly 1`] = `
"<h1 data-v-14d3142e="">Your Fire Safety Partner</h1>
<p data-v-14d3142e=""> Harmony Fire is the market-leading fire safety engineering consultancy, enhanced with in-house construction and manufacturing capabilities. Weâ€™re here to support you from the initial discovery and planning stages right through to design, delivery, and ongoing maintenance. Our goal is to help you keep residents safe, protect property and ensure full compliance at all times. </p>
<p data-v-14d3142e=""> Whether you need assistance with your fire door project, are in need of a new sprinkler system, or require service and maintenance of your fire equipment, our dedicated team of experts can support you across the spectrum of fire safety solutions. </p>"
`;
